
> villeto@0.1.0 build
> next build

   Γû▓ Next.js 16.0.7 (Turbopack)
   - Environments: .env.local
   - Experiments (use with caution):
     Γ£ô viewTransition

   Creating an optimized production build ...
